[0] "dog"
[1] "hello-world"
[2] "imbe"
[3] "mango"
[4] "no-metadata"
[5] "one"
[6] "three"
[7] "two"
